test begin: paddle.dist(x=Tensor([10],"float16"), y=Tensor([429496730, 10],"float16"), )
W0722 14:13:04.160744 13657 gpu_resources.cc:114] Please NOTE: device: 0, GPU Compute Capability: 8.0, Driver API Version: 12.0, Runtime API Version: 11.8
numel:4294967300
int32max:2147483647
int64numel:4294967300
x numel: 10
y numel: 4294967300
out numel: 1
out_grad numel: 1
x_grad (before alloc) numel: 10
y_grad (before alloc) numel: 4294967300
x_grad (after alloc) numel: 10
x_grad_tmp numel: 4294967300
in_x dims: 429496730, 10, numel: 4294967300
out (norm) numel: 1
out_grad numel: 1
x_grad dims: 429496730, 10
axis: 1, reduce_all: 1
Reduction dims: 1 
porder = 2
LaunchReduceGradKernel ------ cpu
input0->numel(): 4
input0int64->numel(): 4294967300
PNormGradKernel done
[Pass] paddle.dist(x=Tensor([10],"float16"), y=Tensor([429496730, 10],"float16"), )
2025-07-22 14:35:57.869922 test begin: paddle.nn.functional.normalize(x=Tensor([20452226, 5, 6, 7],"float16"), p=4, axis=3, )
CUDA out of memory. Tried to allocate 8.00 GiB. GPU 0 has a total capacity of 79.18 GiB of which 6.26 GiB is free. Process 21365 has 25.65 GiB memory in use. Process 119669 has 45.07 GiB memory in use. Process 127473 has 2.21 GiB memory in use. Of the allocated memory 42.29 GiB is allocated by PyTorch, and 1.16 GiB is reserved by PyTorch but unallocated. If reserved but unallocated memory is large try setting PYTORCH_CUDA_ALLOC_CONF=expandable_segments:True to avoid fragmentation.  See documentation for Memory Management  (https://pytorch.org/docs/stable/notes/cuda.html#environment-variables)
test begin: paddle.nn.functional.normalize(x=Tensor([2, 2147483649],"float16"), )
W0722 15:02:04.771013 69760 gpu_resources.cc:114] Please NOTE: device: 0, GPU Compute Capability: 8.0, Driver API Version: 12.0, Runtime API Version: 11.8
numel:4294967298
int32max:2147483647
int64numel:4294967298
numel:4294967298
int32max:2147483647
int64numel:4294967298
in_x dims: 2, 2147483649, numel: 4294967298
out (norm) numel: 2
out_grad numel: 2
x_grad dims: 2, 2147483649
axis: 1, reduce_all: 0
Reduction dims: 1 
porder = 2
[accuracy error] backward  paddle.nn.functional.normalize(x=Tensor([2, 2147483649],"float16"), ) 
 Not equal to tolerance rtol=0.01, atol=0.01
Tensor-likes are not close!

Mismatched elements: 2147483647 / 4294967298 (50.0%)
Greatest absolute difference: nan at index (1, 7863404) (up to 0.01 allowed)
Greatest relative difference: nan at index (1, 7863404) (up to 0.01 allowed)
ACTUAL: (shape=torch.Size([2, 2147483649]), dtype=torch.float16)
tensor([[ 2.1636e-05, -2.5034e-06, -3.0577e-05,  ...,  1.6093e-06,        -inf,         inf],
        [        inf,        -inf,         inf,  ...,  2.7418e-06,  1.2100e-05, -3.1531e-05]], dtype=torch.float16)
DESIRED: (shape=torch.Size([2, 2147483649]), dtype=torch.float16)
tensor([[ 2.1636e-05, -2.5034e-06, -3.0577e-05,  ...,  1.6093e-06, -1.4007e-05,  1.2398e-05],
        [ 2.0564e-05,  3.7253e-05, -3.6418e-05,  ...,  2.7418e-06,  1.2100e-05, -3.1531e-05]], dtype=torch.float16)
test begin: paddle.dist(x=Tensor([10],"float16"), y=Tensor([429496730, 10],"float16"), p=4, )
CUDA out of memory. Tried to allocate 8.00 GiB. GPU 0 has a total capacity of 79.18 GiB of which 1.89 GiB is free. Process 58578 has 25.66 GiB memory in use. Process 68164 has 33.63 GiB memory in use. Process 89611 has 18.00 GiB memory in use. Of the allocated memory 32.00 GiB is allocated by PyTorch, and 10.00 MiB is reserved by PyTorch but unallocated. If reserved but unallocated memory is large try setting PYTORCH_CUDA_ALLOC_CONF=expandable_segments:True to avoid fragmentation.  See documentation for Memory Management  (https://pytorch.org/docs/stable/notes/cuda.html#environment-variables)
Traceback (most recent call last):
  File "/home/fanxiangyu/PaddleAPITest/engine.py", line 187, in <module>
    main()
  File "/home/fanxiangyu/PaddleAPITest/engine.py", line 128, in main
    case.test()
  File "/home/fanxiangyu/PaddleAPITest/tester/accuracy.py", line 149, in test
    raise err
  File "/home/fanxiangyu/PaddleAPITest/tester/accuracy.py", line 138, in test
    torch_out_grads = torch.autograd.grad(
  File "/home/fanxiangyu/env3.10/lib/python3.10/site-packages/torch/autograd/__init__.py", line 445, in grad
    return handle_torch_function(
  File "/home/fanxiangyu/env3.10/lib/python3.10/site-packages/torch/overrides.py", line 1720, in handle_torch_function
    result = mode.__torch_function__(public_api, types, args, kwargs)
  File "/home/fanxiangyu/env3.10/lib/python3.10/site-packages/torch/utils/_device.py", line 104, in __torch_function__
    return func(*args, **kwargs)
  File "/home/fanxiangyu/env3.10/lib/python3.10/site-packages/torch/autograd/__init__.py", line 496, in grad
    result = _engine_run_backward(
  File "/home/fanxiangyu/env3.10/lib/python3.10/site-packages/torch/autograd/graph.py", line 823, in _engine_run_backward
    return Variable._execution_engine.run_backward(  # Calls into the C++ engine to run the backward pass
torch.OutOfMemoryError: CUDA out of memory. Tried to allocate 8.00 GiB. GPU 0 has a total capacity of 79.18 GiB of which 1.89 GiB is free. Process 58578 has 25.66 GiB memory in use. Process 68164 has 33.63 GiB memory in use. Process 89611 has 18.00 GiB memory in use. Of the allocated memory 32.00 GiB is allocated by PyTorch, and 10.00 MiB is reserved by PyTorch but unallocated. If reserved but unallocated memory is large try setting PYTORCH_CUDA_ALLOC_CONF=expandable_segments:True to avoid fragmentation.  See documentation for Memory Management  (https://pytorch.org/docs/stable/notes/cuda.html#environment-variables)
\n\n\n
=========================测试开始=========================
test begin: paddle.dist(x=Tensor([10],"float16"), y=Tensor([429496730, 10],"float16"), p=4, )
W0722 15:43:18.408911 129085 gpu_resources.cc:114] Please NOTE: device: 0, GPU Compute Capability: 8.0, Driver API Version: 12.0, Runtime API Version: 11.8
numel:4294967300
int32max:2147483647
int64numel:4294967300
x numel: 10
y numel: 4294967300
out numel: 1
out_grad numel: 1
x_grad (before alloc) numel: 10
y_grad (before alloc) numel: 4294967300
x_grad (after alloc) numel: 10
x_grad_tmp numel: 4294967300
in_x dims: 429496730, 10, numel: 4294967300
out (norm) numel: 1
out_grad numel: 1
x_grad dims: 429496730, 10
axis: 1, reduce_all: 1
Reduction dims: 1 
porder = 4
LaunchReduceGradKernel ------ cpu
input0->numel(): 4
input0int64->numel(): 4294967300
PNormGradKernel done
[accuracy error] backward  paddle.dist(x=Tensor([10],"float16"), y=Tensor([429496730, 10],"float16"), p=4, ) 
 Not equal to tolerance rtol=0.01, atol=0.01
Tensor-likes are not close!

Mismatched elements: 3 / 10 (30.0%)
Greatest absolute difference: 2.921875 at index (5,) (up to 0.01 allowed)
Greatest relative difference: inf at index (5,) (up to 0.01 allowed)
ACTUAL: (shape=torch.Size([10]), dtype=torch.float16)
tensor([ 0.0000,  0.0000,  0.0000,  0.0000,  0.0000, -2.9219,  0.0000,  0.0000, -1.3154, -1.9473], dtype=torch.float16)
DESIRED: (shape=torch.Size([10]), dtype=torch.float16)
tensor([0., 0., 0., 0., 0., 0., 0., 0., 0., 0.], dtype=torch.float16)






=================测试开始======================测试开始====================测试开始=========================测试开始====================测试开始========================测试开始=================================
test begin: paddle.nn.functional.normalize(Tensor([2281701379, 1],"float32"), axis=1, )
W0722 22:26:08.537307 40815 gpu_resources.cc:114] Please NOTE: device: 0, GPU Compute Capability: 8.0, Driver API Version: 12.0, Runtime API Version: 11.8
rank: 2
[accuracy error] backward  paddle.nn.functional.normalize(Tensor([2281701379, 1],"float32"), axis=1, ) 
 Not equal to tolerance rtol=0.01, atol=0.01
Tensor-likes are not close!

Mismatched elements: 19303 / 2281701379 (0.0%)
Greatest absolute difference: 5434368.0 at index (1783490788, 0) (up to 0.01 allowed)
Greatest relative difference: inf at index (69982, 0) (up to 0.01 allowed)
ACTUAL: (shape=torch.Size([2281701379, 1]), dtype=torch.float32)
tensor([[1.4901e-08],
        [1.1921e-07],
        [5.9605e-08],
        ...,
        [1.4901e-08],
        [0.0000e+00],
        [0.0000e+00]])
DESIRED: (shape=torch.Size([2281701379, 1]), dtype=torch.float32)
tensor([[0.0000e+00],
        [1.1921e-07],
        [2.9802e-08],
        ...,
        [0.0000e+00],
        [0.0000e+00],
        [0.0000e+00]])
x_dims = 2281701379 1 
reduced_dims_v = 2281701379 1 




=================测试开始======================测试开始====================测试开始=========================测试开始====================测试开始========================测试开始=================================
test begin: paddle.nn.functional.normalize(Tensor([2281701379, 1],"float32"), axis=1, )
W0722 22:39:25.777931 56977 gpu_resources.cc:114] Please NOTE: device: 0, GPU Compute Capability: 8.0, Driver API Version: 12.0, Runtime API Version: 11.8
rank: 2
[accuracy error] backward  paddle.nn.functional.normalize(Tensor([2281701379, 1],"float32"), axis=1, ) 
 Not equal to tolerance rtol=0.01, atol=0.01
Tensor-likes are not close!

Mismatched elements: 19449 / 2281701379 (0.0%)
Greatest absolute difference: 554400.0 at index (1983115240, 0) (up to 0.01 allowed)
Greatest relative difference: inf at index (21409, 0) (up to 0.01 allowed)
ACTUAL: (shape=torch.Size([2281701379, 1]), dtype=torch.float32)
tensor([[ 0.0000e+00],
        [ 0.0000e+00],
        [ 0.0000e+00],
        ...,
        [-1.1921e-07],
        [ 0.0000e+00],
        [ 0.0000e+00]])
DESIRED: (shape=torch.Size([2281701379, 1]), dtype=torch.float32)
tensor([[0.],
        [0.],
        [0.],
        ...,
        [0.],
        [0.],
        [0.]])
x_dims = 2281701379 1 
reduced_dims_v = 2281701379 1 
broadcast_dim = 1 1 
broad_cast_times = 1
dims_ref = 1 




=================测试开始======================测试开始====================测试开始=========================测试开始====================测试开始========================测试开始=================================
test begin: paddle.nn.functional.normalize(Tensor([2281701379, 1],"float32"), axis=1, )
W0722 22:59:32.424599 81390 gpu_resources.cc:114] Please NOTE: device: 0, GPU Compute Capability: 8.0, Driver API Version: 12.0, Runtime API Version: 11.8
rank: 2
[accuracy error] backward  paddle.nn.functional.normalize(Tensor([2281701379, 1],"float32"), axis=1, ) 
 Not equal to tolerance rtol=0.01, atol=0.01
Tensor-likes are not close!

Mismatched elements: 19271 / 2281701379 (0.0%)
Greatest absolute difference: 11982848.0 at index (1745199721, 0) (up to 0.01 allowed)
Greatest relative difference: inf at index (159577, 0) (up to 0.01 allowed)
ACTUAL: (shape=torch.Size([2281701379, 1]), dtype=torch.float32)
tensor([[-1.1921e-07],
        [-1.1921e-07],
        [-1.1921e-07],
        ...,
        [ 1.1921e-07],
        [ 0.0000e+00],
        [ 0.0000e+00]])
DESIRED: (shape=torch.Size([2281701379, 1]), dtype=torch.float32)
tensor([[ 0.0000e+00],
        [-5.9605e-08],
        [ 0.0000e+00],
        ...,
        [ 0.0000e+00],
        [ 0.0000e+00],
        [ 0.0000e+00]])
x_dims = 2281701379 1 
reduced_dims_v = 2281701379 1 
broadcast_dim = 1 1 
broad_cast_times = 1
dims_ref = 1 




=================测试开始======================测试开始====================测试开始=========================测试开始====================测试开始========================测试开始=================================
test begin: paddle.dist(x=Tensor([10],"float16"), y=Tensor([429496730, 10],"float16"), p=4, )
W0722 23:07:56.293412 89028 gpu_resources.cc:114] Please NOTE: device: 0, GPU Compute Capability: 8.0, Driver API Version: 12.0, Runtime API Version: 11.8
numel:4294967300
int32max:2147483647
int64numel:4294967300
LaunchReduceGradKernel ------ cpu
input0->numel(): 4
input0int64->numel(): 4294967300
[accuracy error] backward  paddle.dist(x=Tensor([10],"float16"), y=Tensor([429496730, 10],"float16"), p=4, ) 
 Not equal to tolerance rtol=0.01, atol=0.01
Tensor-likes are not close!

Mismatched elements: 10 / 10 (100.0%)
Greatest absolute difference: 20.6875 at index (9,) (up to 0.01 allowed)
Greatest relative difference: inf at index (0,) (up to 0.01 allowed)
ACTUAL: (shape=torch.Size([10]), dtype=torch.float16)
tensor([ 13.4531,   5.2031,   1.9590,   8.4688, -15.6875,  -4.6016,   5.2109,  -5.3477,   0.1874,  20.6875],
       dtype=torch.float16)
DESIRED: (shape=torch.Size([10]), dtype=torch.float16)
tensor([0., 0., 0., 0., 0., 0., 0., 0., 0., 0.], dtype=torch.float16)




=================测试开始======================测试开始====================测试开始=========================测试开始====================测试开始========================测试开始=================================
2025-07-22 23:09:42.026113 test begin: paddle.nn.functional.normalize(x=Tensor([2147483649, 2],"float16"), p=1.2, )
W0722 23:12:49.471975 92231 gpu_resources.cc:114] Please NOTE: device: 0, GPU Compute Capability: 8.0, Driver API Version: 12.0, Runtime API Version: 11.8
numel:4294967298
int32max:2147483647
int64numel:4294967298
numel:4294967298
int32max:2147483647
int64numel:4294967298
rank: 2
x_dims = 2147483649 2 
reduced_dims_v = 2147483649 1 
broadcast_dim = 1 2 
broad_cast_times = 2
dims_ref = 1 
[accuracy error] backward  paddle.nn.functional.normalize(x=Tensor([2147483649, 2],"float16"), p=1.2, ) 
 Not equal to tolerance rtol=0.01, atol=0.01
Tensor-likes are not close!

Mismatched elements: 169102 / 4294967298 (0.0%)
Greatest absolute difference: nan at index (2078271957, 0) (up to 0.01 allowed)
Greatest relative difference: nan at index (117784200, 0) (up to 0.01 allowed)
ACTUAL: (shape=torch.Size([2147483649, 2]), dtype=torch.float16)
tensor([[ 0.1030, -0.3574],
        [-0.4744,  0.5410],
        [-0.6406, -1.2461],
        ...,
        [ 0.6416,  0.4563],
        [ 0.1542, -0.0144],
        [-0.6431, -0.4045]], dtype=torch.float16)
DESIRED: (shape=torch.Size([2147483649, 2]), dtype=torch.float16)
tensor([[ 0.1025, -0.3574],
        [-0.4744,  0.5410],
        [-0.6387, -1.2480],
        ...,
        [ 0.6416,  0.4563],
        [ 0.1542, -0.0144],
        [-0.6431, -0.4043]], dtype=torch.float16)
2025-07-22 23:13:58.548951 test begin: paddle.nn.functional.normalize(x=Tensor([4, 25565282, 6, 7],"float16"), p=4, )
CUDA out of memory. Tried to allocate 8.00 GiB. GPU 0 has a total capacity of 79.18 GiB of which 3.83 GiB is free. Process 77311 has 1.70 GiB memory in use. Process 107843 has 73.65 GiB memory in use. Of the allocated memory 40.00 GiB is allocated by PyTorch, and 12.00 MiB is reserved by PyTorch but unallocated. If reserved but unallocated memory is large try setting PYTORCH_CUDA_ALLOC_CONF=expandable_segments:True to avoid fragmentation.  See documentation for Memory Management  (https://pytorch.org/docs/stable/notes/cuda.html#environment-variables)




=================测试开始======================测试开始====================测试开始=========================测试开始====================测试开始========================测试开始=================================
2025-07-22 23:22:32.747728 test begin: paddle.nn.functional.normalize(x=Tensor([4, 25565282, 6, 7],"float16"), p=4, axis=3, )
W0722 23:25:44.033324 103370 gpu_resources.cc:114] Please NOTE: device: 0, GPU Compute Capability: 8.0, Driver API Version: 12.0, Runtime API Version: 11.8
numel:4294967376
int32max:2147483647
int64numel:4294967376
numel:4294967376
int32max:2147483647
int64numel:4294967376
rank: 4
x_dims = 4 25565282 6 7 
reduced_dims_v = 4 25565282 6 1 
broadcast_dim = 1 1 1 7 
broad_cast_times = 7
dims_ref = 3 
[accuracy error] backward  paddle.nn.functional.normalize(x=Tensor([4, 25565282, 6, 7],"float16"), p=4, axis=3, ) 
 Not equal to tolerance rtol=0.01, atol=0.01
Tensor-likes are not close!

Mismatched elements: 113 / 4294967376 (0.0%)
Greatest absolute difference: nan at index (0, 22475795, 3, 4) (up to 0.01 allowed)
Greatest relative difference: nan at index (0, 259788, 0, 0) (up to 0.01 allowed)
ACTUAL: (shape=torch.Size([4, 25565282, 6, 7]), dtype=torch.float16)
tensor([[[[-5.9912e-01,  6.1230e-01,  8.0078e-01,  ..., -7.7734e-01, -1.9067e-01,  1.0186e+00],
          [-3.9185e-02,  7.5195e-01, -1.6553e-01,  ...,  8.1104e-01,  9.7217e-01,  8.9795e-01],
          [ 3.3594e-01,  5.8643e-01, -5.3955e-01,  ...,  7.3682e-01,  5.2295e-01, -7.9297e-01],
          [-6.8701e-01,  3.4985e-01, -6.5625e-01,  ..., -5.9473e-01, -6.2500e-01,  4.6240e-01],
          [-7.6904e-01,  1.9800e-01,  5.6946e-02,  ...,  6.0352e-01,  5.9277e-01,  2.9297e-01],
          [ 4.7217e-01,  4.8340e-02,  7.1472e-02,  ..., -4.5972e-01, -6.2500e-01,  7.9346e-04]],

         [[-1.0303e-01, -9.1858e-02,  4.2920e-01,  ...,  3.3325e-01,  5.7324e-01,  3.8159e-01],
          [ 5.3955e-01, -5.1514e-01,  3.3838e-01,  ..., -1.3696e-01, -3.1299e-01, -5.8789e-01],
          [ 1.1729e+00,  4.8975e-01,  1.0254e+00,  ...,  6.5381e-01, -7.6172e-01,  7.2021e-01],
          [-9.3262e-02, -8.9941e-01, -9.3213e-01,  ..., -6.7773e-01, -6.5625e-01,  9.3115e-01],
          [ 2.0703e-01,  2.3730e-01, -9.0430e-01,  ..., -1.4673e-01,  5.5615e-01,  5.3320e-01],
          [ 3.8647e-01, -3.7769e-01,  5.9570e-01,  ..., -3.0420e-01,  7.9395e-01,  1.8994e-01]],

         [[ 3.9990e-01,  8.9404e-01,  6.1377e-01,  ..., -7.0166e-01, -6.2939e-01, -3.6768e-01],
          [ 1.4905e-01, -3.1445e-01, -7.9297e-01,  ..., -2.3352e-01, -3.9673e-01,  3.0273e-01],
          [-5.0684e-01,  1.1582e+00, -3.5352e-01,  ..., -2.2705e-01, -8.9844e-01,  2.4011e-01],
          [-7.5195e-01,  6.7432e-01,  8.0139e-02,  ..., -1.8970e-01,  3.0029e-01,  3.4302e-01],
          [-9.3140e-02,  4.6606e-01,  1.4099e-01,  ...,  7.9736e-01,  1.7053e-01, -8.8770e-01],
          [ 2.3865e-01,  3.6353e-01, -6.9775e-01,  ..., -2.3242e-01,  7.7197e-01, -2.6465e-01]],

         ...,

         [[ 9.5520e-02, -2.0728e-01,  8.5449e-01,  ...,  8.9966e-02,  9.3848e-01,  7.3828e-01],
          [ 5.2979e-01,  6.6650e-01, -3.0298e-01,  ...,  7.2266e-02,  1.1963e-02,  4.0723e-01],
          [ 7.4585e-02,  5.7910e-01,  1.0850e+00,  ..., -7.7246e-01,  1.6614e-01, -5.7422e-01],
          [-5.0488e-01,  1.1768e-01,  6.6797e-01,  ...,  5.7080e-01, -2.5269e-01,  5.1758e-01],
          [-5.2979e-01, -8.5999e-02,  1.0840e+00,  ..., -6.8457e-01,  2.3514e-02,  2.6993e-02],
          [-6.2500e-01,  4.2053e-02,  5.0488e-01,  ..., -4.1968e-01, -3.8428e-01,  1.3330e-01]],

         [[-5.9668e-01, -4.6924e-01,  4.9463e-01,  ..., -4.2114e-02, -1.3329e-02, -8.8684e-02],
          [-3.9209e-01,  1.2725e+00,  8.6914e-01,  ...,  7.2559e-01,  8.2422e-01,  6.0840e-01],
          [-2.0520e-01, -3.1958e-01,  4.5044e-01,  ...,  7.8369e-01,  3.4741e-01, -8.6426e-01],
          [ 7.6758e-01, -9.4189e-01, -3.9990e-01,  ..., -2.7832e-01,  3.1104e-01,  6.7236e-01],
          [-7.7051e-01, -7.1289e-01,  5.9692e-02,  ..., -2.6733e-01, -5.1123e-01, -2.9395e-01],
          [-5.0098e-01, -6.0352e-01, -1.9775e-02,  ..., -8.7524e-02,  9.2871e-01, -5.3760e-01]],

         [[ 5.9912e-01,  9.2041e-01,  3.4131e-01,  ...,  1.3660e-01, -1.0176e+00,  8.2227e-01],
          [-4.1968e-01, -5.7812e-01,  3.7646e-01,  ..., -8.6328e-01,  2.8467e-01,  2.1997e-01],
          [-5.1416e-01,  3.5474e-01, -4.4702e-01,  ...,  4.1797e-01, -3.7573e-01,  3.3112e-03],
          [ 6.8481e-02,  8.2666e-01, -7.2449e-02,  ...,  1.6113e-01, -4.9170e-01, -2.5708e-01],
          [ 2.2852e-01,  4.5947e-01,  1.3696e-01,  ..., -1.0535e-01,  2.8369e-01,  2.2131e-01],
          [-1.5900e-02, -3.5645e-01,  4.4580e-01,  ..., -1.3416e-01,  5.0244e-01,  2.0166e-01]]],


        [[[ 1.0596e-01,  7.6562e-01, -7.3340e-01,  ...,  8.8135e-01,  9.5703e-02,  2.2998e-01],
          [ 7.8369e-02, -7.4365e-01,  7.2705e-01,  ...,  3.1445e-01, -4.8340e-01, -6.1133e-01],
          [-1.5747e-02, -6.0498e-01,  7.9541e-01,  ...,  2.8955e-01, -5.9863e-01, -2.3743e-01],
          [-4.0820e-01,  2.5317e-01,  6.0449e-01,  ..., -7.4121e-01,  4.7363e-01, -3.3252e-01],
          [-5.1025e-02, -6.5869e-01, -6.2744e-01,  ..., -6.8408e-01,  7.3438e-01, -6.3818e-01],
          [ 6.7383e-01,  8.0078e-02, -4.4922e-01,  ...,  2.1545e-01,  2.1326e-01,  7.1484e-01]],

         [[-6.6211e-01,  3.3936e-02,  3.6182e-01,  ...,  1.3696e-01, -2.6831e-01, -6.0028e-02],
          [-2.0874e-01, -6.9385e-01, -7.7441e-01,  ..., -6.6895e-01,  6.3379e-01, -3.1982e-01],
          [-5.8167e-02, -2.9468e-01, -5.2881e-01,  ...,  5.6689e-01, -8.4229e-02,  2.0615e-02],
          [ 4.7607e-02,  1.8652e-01, -1.7737e-01,  ..., -8.9746e-01,  1.0193e-01,  3.5107e-01],
          [ 5.2100e-01, -8.2812e-01,  8.9746e-01,  ..., -4.1919e-01,  6.4600e-01, -6.7041e-01],
          [-4.4507e-01, -4.0894e-02,  1.5149e-01,  ...,  1.5845e-01, -5.5518e-01,  6.1865e-01]],

         [[-7.0166e-01, -7.3828e-01, -5.9180e-01,  ..., -6.1035e-01, -6.3965e-01, -2.3987e-02],
          [-2.6855e-01, -2.8003e-01, -5.4932e-01,  ...,  3.5278e-02, -5.3027e-01, -2.5854e-01],
          [ 6.1377e-01, -3.0811e-01, -3.4424e-02,  ...,  6.5430e-01,  6.7627e-01, -5.6055e-01],
          [-3.5425e-01,  4.7266e-01,  2.9932e-01,  ...,  2.8198e-01,  1.5020e+00,  3.8770e-01],
          [-1.4722e-01, -6.6064e-01,  1.3008e+00,  ..., -1.1621e+00,  2.7148e-01,  1.1318e+00],
          [ 8.1201e-01,  1.3916e-01, -3.8696e-01,  ...,  1.4092e+00, -1.5029e+00, -4.8291e-01]],

         ...,

         [[ 4.0161e-01, -4.5874e-01, -4.4995e-01,  ..., -9.3262e-01,  2.4817e-01,  5.8105e-01],
          [-5.5225e-01, -3.0792e-02, -4.8187e-02,  ...,  3.2129e-01, -2.2205e-01,  3.8647e-01],
          [ 4.8022e-01,  7.9932e-01,  1.6626e-01,  ..., -4.4824e-01,  3.0835e-01,  4.9805e-01],
          [-4.0771e-01, -2.5781e-01,  1.0518e+00,  ...,  5.4248e-01, -6.4648e-01,  6.3354e-02],
          [-4.2773e-01,  5.3760e-01,  4.8242e-01,  ..., -8.0762e-01,  9.6191e-02,  7.7295e-01],
          [-3.2666e-01,  1.9116e-01, -4.6899e-01,  ...,  7.6953e-01, -2.8711e-01, -6.4355e-01]],

         [[-4.8291e-01, -4.9902e-01,  7.6172e-01,  ...,  3.2178e-01, -1.7041e-01, -7.9102e-01],
          [-2.1515e-02, -1.1902e-01,  1.0748e-01,  ...,  9.9707e-01,  9.8511e-02, -7.4023e-01],
          [ 2.7271e-01,  5.8398e-01, -1.7627e-01,  ..., -7.0264e-01,  4.0771e-01, -2.2168e-01],
          [-3.0981e-01, -5.4199e-02,  1.4795e-01,  ..., -6.1218e-02,  8.3887e-01,  5.8643e-01],
          [-1.5259e-01, -3.0615e-01,  5.9326e-01,  ...,  7.1436e-01,  1.6528e-01,  2.2876e-01],
          [-4.9658e-01, -2.6270e-01,  6.5735e-02,  ...,  6.2805e-02,  2.1985e-01, -1.8433e-01]],

         [[ 2.1436e-01,  3.6621e-02, -2.9834e-01,  ...,  3.1152e-01,  1.6357e-01, -6.7188e-01],
          [ 6.5552e-02, -6.9141e-01, -3.7402e-01,  ...,  4.9878e-01,  2.3804e-01,  3.1738e-01],
          [-1.3147e-01, -1.0010e+00, -4.8645e-02,  ..., -3.8544e-02, -2.9199e-01, -2.7905e-01],
          [-8.2764e-02, -6.4844e-01, -3.0273e-01,  ..., -5.1660e-01,  2.5513e-01, -7.8027e-01],
          [ 9.1602e-01,  4.2749e-01, -6.1230e-01,  ..., -2.2888e-01,  2.6074e-01,  3.1470e-01],
          [ 4.8584e-02,  6.7578e-01,  7.9736e-01,  ...,  1.9019e-01,  6.1816e-01,  5.2051e-01]]],


        [[[ 1.9946e-01, -5.8594e-01, -2.7173e-01,  ..., -2.6562e-01,  4.1943e-01, -3.3765e-01],
          [-7.4756e-01, -4.6899e-01, -4.4824e-01,  ...,  9.6741e-02, -7.5073e-02,  8.8989e-02],
          [ 5.8545e-01, -2.7856e-01,  1.2305e-01,  ...,  1.5649e-01, -6.5918e-01, -2.2791e-01],
          [ 3.4277e-01, -3.6523e-01,  4.5435e-01,  ...,  1.3306e-01,  2.0996e-02,  7.9883e-01],
          [-2.7637e-01, -3.3691e-01, -6.0693e-01,  ..., -9.5557e-01,  3.2324e-01,  4.9146e-01],
          [ 2.9590e-01, -2.7466e-01,  3.0981e-01,  ...,  4.5898e-02, -3.0579e-02, -3.2544e-01]],

         [[ 6.4990e-01,  4.9951e-01,  5.1611e-01,  ...,  4.2139e-01,  1.8506e-01, -1.0315e-02],
          [-2.2705e-02,  1.3403e-01, -4.4507e-01,  ..., -3.5571e-01,  2.8638e-01, -1.3367e-01],
          [ 2.9565e-01,  4.3042e-01,  3.6646e-01,  ..., -7.3145e-01, -1.4893e-02, -3.5229e-01],
          [ 1.1584e-01,  1.2720e-01,  6.8408e-01,  ...,  7.0410e-01,  9.9121e-01, -7.5000e-01],
          [-7.0215e-01,  1.1396e+00, -4.0942e-01,  ...,  1.3877e+00,  1.3818e-01,  1.1602e+00],
          [ 1.5686e-02,  9.5801e-01, -2.1509e-01,  ..., -2.7002e-01,  2.0435e-01, -1.1367e+00]],

         [[ 3.9990e-01, -8.1787e-02,  8.0518e-01,  ..., -1.9214e-01,  5.8936e-01,  1.2256e-01],
          [-9.1504e-01,  7.0020e-01,  1.0742e-02,  ..., -1.9958e-02,  9.4116e-02,  1.3501e-01],
          [ 6.4844e-01, -7.4121e-01,  4.0894e-01,  ...,  3.4717e-01,  3.5205e-01,  4.1406e-01],
          [ 1.4404e-01, -4.4214e-01, -7.9297e-01,  ...,  2.7026e-01, -3.0957e-01, -3.7842e-01],
          [ 6.7725e-01, -7.7100e-01,  3.5352e-01,  ..., -3.3276e-01, -8.8379e-01, -1.9238e-01],
          [-3.6157e-01,  6.6211e-01, -7.3193e-01,  ...,  5.1807e-01,  3.8086e-01,  7.4463e-02]],

         ...,

         [[ 5.2930e-01, -7.4902e-01, -7.3730e-01,  ..., -1.3428e-01, -1.9604e-01,  9.2676e-01],
          [-3.5645e-01, -2.6270e-01, -3.3374e-01,  ...,  8.1641e-01,  1.0439e+00,  8.8525e-01],
          [-4.7803e-01,  7.3682e-01, -7.1387e-01,  ...,  8.1494e-01, -3.4058e-01, -2.6855e-01],
          [-9.1748e-01, -8.7549e-01, -9.1992e-01,  ...,  2.4805e-01,  5.3467e-02, -8.2520e-02],
          [ 6.4307e-01,  4.9780e-01, -6.8506e-01,  ..., -2.6855e-02, -2.1729e-02,  7.7686e-01],
          [-3.9337e-02,  6.3574e-01, -3.1567e-01,  ...,  1.2573e-01, -1.2756e-01, -6.6211e-01]],

         [[ 5.8984e-01, -2.1143e-01,  1.4282e-01,  ...,  5.1611e-01, -6.6504e-01,  6.7627e-01],
          [-1.7761e-01, -5.4688e-01, -5.1465e-01,  ...,  4.7705e-01, -3.1860e-01,  8.4961e-01],
          [ 8.4839e-02, -2.3087e-02,  3.6084e-01,  ..., -2.3950e-01, -9.0332e-01, -1.2910e+00],
          [-1.1650e+00,  3.6377e-02,  1.1602e+00,  ...,  8.6328e-01,  7.1826e-01,  7.7979e-01],
          [-3.5840e-01,  7.3340e-01, -1.8799e-01,  ..., -1.4685e-01, -8.5156e-01,  9.2480e-01],
          [ 9.2334e-01,  2.8271e-01,  5.0684e-01,  ..., -3.4985e-01,  1.4905e-01,  1.9116e-01]],

         [[-3.1348e-01, -2.0874e-01, -3.1152e-01,  ..., -3.2642e-01,  2.1545e-01,  7.9590e-01],
          [ 2.5574e-02,  8.0762e-01,  1.7090e-02,  ..., -3.1494e-02,  3.7744e-01,  4.8218e-01],
          [ 3.0151e-01,  2.9614e-01, -6.4355e-01,  ...,  3.1396e-01,  4.9634e-01, -7.1838e-02],
          [-8.2275e-01, -4.1650e-01,  6.0254e-01,  ...,  1.1035e+00,  3.5938e-01, -1.1191e+00],
          [ 2.9663e-01,  5.8887e-01, -2.4078e-02,  ...,  5.6396e-01,  1.1047e-01,  7.6111e-02],
          [-1.2421e-02, -6.9629e-01,  6.2842e-01,  ..., -3.8770e-01,  1.7175e-01, -6.2549e-01]]],


        [[[-5.5469e-01, -3.5693e-01,  1.4734e-01,  ...,  3.8574e-01,  1.1041e-01,  3.9136e-01],
          [ 1.0332e+00, -1.5112e-01, -7.0459e-01,  ..., -5.3027e-01,  3.9136e-01,  2.7100e-01],
          [ 7.7588e-01, -5.1172e-01,  7.1143e-01,  ...,  7.7686e-01,  8.0811e-01,  3.5522e-02],
          [-5.3467e-01,  1.3806e-01,  2.9321e-01,  ...,  8.5547e-01,  7.5342e-01, -8.3740e-01],
          [-3.8428e-01, -4.5825e-01,  1.2695e-02,  ...,  3.1189e-02,  2.8271e-01, -2.3773e-02],
          [-4.0161e-02,  1.0620e-01,  5.7373e-02,  ..., -2.7740e-02, -7.9102e-01, -1.5186e-01]],

         [[ 5.5713e-01,  1.7151e-01, -8.9941e-01,  ..., -1.7053e-01,  2.1082e-01, -7.0752e-01],
          [-3.0664e-01, -7.2412e-01,  2.8857e-01,  ..., -4.5825e-01,  5.7373e-02, -7.7979e-01],
          [ 6.2256e-01,  1.8701e-01,  3.0518e-02,  ..., -2.1252e-01,  6.5186e-01,  6.8896e-01],
          [ 6.3965e-01, -9.4531e-01,  6.4941e-01,  ...,  1.2031e+00, -4.5337e-01, -6.7285e-01],
          [ 6.7139e-01, -6.3672e-01, -2.8418e-01,  ..., -5.5615e-01,  2.9590e-01, -1.5881e-01],
          [ 8.3069e-02, -6.5967e-01,  1.8970e-01,  ..., -3.6768e-01,  4.3106e-03, -4.3213e-01]],

         [[ 3.4326e-01,  1.8945e-01, -8.5144e-03,  ..., -1.0146e+00, -2.7539e-01,  9.0942e-02],
          [ 1.0859e+00, -1.0049e+00, -3.6401e-01,  ...,  6.9482e-01, -1.0254e+00, -5.2930e-01],
          [ 2.3254e-01,  4.3030e-02,  9.5117e-01,  ...,  5.7129e-01,  5.4980e-01,  8.2715e-01],
          [ 4.1699e-01,  3.7109e-01,  1.4453e-01,  ..., -3.6328e-01, -1.8970e-01,  4.2529e-01],
          [-2.8516e-01, -5.0977e-01,  1.2021e+00,  ...,  4.4580e-01, -6.3538e-02,  6.3770e-01],
          [-9.0625e-01, -6.2158e-01, -8.2666e-01,  ..., -5.1221e-01,  4.0649e-01,  1.0479e+00]],

         ...,

         [[-4.8364e-01,  9.0527e-01,  5.7910e-01,  ...,  5.4297e-01,  3.8843e-01, -9.0674e-01],
          [-7.1045e-01, -1.0065e-01, -9.6484e-01,  ..., -7.9199e-01, -7.0850e-01, -3.6426e-01],
          [ 7.2168e-01, -7.6855e-01, -7.9883e-01,  ...,  6.1230e-01, -1.7834e-01,  7.0215e-01],
          [-8.4045e-02,  8.9062e-01,  5.4102e-01,  ...,  2.4475e-01, -7.3486e-01,  1.5662e-01],
          [-5.7129e-02, -8.1689e-01,  6.6211e-01,  ...,  3.5181e-01,  6.4062e-01,  3.8379e-01],
          [-8.8135e-01, -7.3828e-01, -1.1143e+00,  ...,  9.9951e-01,  4.7754e-01, -8.2861e-01]],

         [[-4.9951e-01,  4.5142e-01, -8.6121e-02,  ...,  4.0308e-01,  3.6523e-01,  7.2852e-01],
          [-3.5889e-02, -2.6587e-01, -2.3529e-02,  ..., -1.3440e-01, -1.6357e-01,  6.8604e-02],
          [-5.0488e-01,  7.4023e-01, -3.0176e-01,  ...,  1.7627e-01, -2.0508e-01, -3.2642e-01],
          [ 3.8867e-01,  2.6245e-01,  2.0166e-01,  ..., -3.9941e-01, -2.7637e-01, -1.1157e-01],
          [ 1.4824e+00, -1.6055e+00, -2.7148e-01,  ..., -4.0967e-01, -1.0039e+00,  1.0547e+00],
          [-4.6460e-01, -9.6533e-01, -5.2393e-01,  ...,  4.4165e-01, -1.9629e-01,  6.0498e-01]],

         [[ 1.4771e-02, -4.9164e-02, -1.0469e+00,  ..., -8.4814e-01,  1.2441e+00,  7.4997e-03],
          [-6.4307e-01,  1.2000e-01, -1.0767e-01,  ..., -1.2354e-01,  2.9810e-01, -3.7549e-01],
          [ 1.1230e+00, -8.3643e-01, -5.7617e-01,  ..., -8.0420e-01,  3.6768e-01,  3.9990e-01],
          [ 1.6632e-02,  6.9727e-01, -1.7285e-01,  ...,  5.1074e-01,  5.8008e-01, -8.4229e-01],
          [ 8.2031e-01, -5.1221e-01,  1.7163e-01,  ...,  3.5840e-01,  8.7158e-02,  4.9365e-01],
          [-5.7471e-01, -5.4230e-02, -9.2090e-01,  ..., -4.1040e-01,  9.4727e-02,  3.5620e-01]]]], dtype=torch.float16)
DESIRED: (shape=torch.Size([4, 25565282, 6, 7]), dtype=torch.float16)
tensor([[[[-5.9912e-01,  6.1230e-01,  8.0078e-01,  ..., -7.7734e-01, -1.9067e-01,  1.0186e+00],
          [-3.9185e-02,  7.5195e-01, -1.6553e-01,  ...,  8.1104e-01,  9.7217e-01,  8.9795e-01],
          [ 3.3594e-01,  5.8643e-01, -5.3955e-01,  ...,  7.3633e-01,  5.2295e-01, -7.9297e-01],
          [-6.8701e-01,  3.4961e-01, -6.5625e-01,  ..., -5.9473e-01, -6.2500e-01,  4.6240e-01],
          [-7.6904e-01,  1.9800e-01,  5.6915e-02,  ...,  6.0352e-01,  5.9277e-01,  2.9297e-01],
          [ 4.7217e-01,  4.8828e-02,  7.1472e-02,  ..., -4.5972e-01, -6.2500e-01,  7.9346e-04]],

         [[-1.0303e-01, -9.1858e-02,  4.2896e-01,  ...,  3.3325e-01,  5.7324e-01,  3.8159e-01],
          [ 5.3955e-01, -5.1514e-01,  3.3813e-01,  ..., -1.3696e-01, -3.1299e-01, -5.8789e-01],
          [ 1.1729e+00,  4.8975e-01,  1.0254e+00,  ...,  6.5381e-01, -7.6172e-01,  7.2021e-01],
          [-9.3262e-02, -8.9941e-01, -9.3213e-01,  ..., -6.7773e-01, -6.5625e-01,  9.3115e-01],
          [ 2.0703e-01,  2.3682e-01, -9.0430e-01,  ..., -1.4648e-01,  5.5615e-01,  5.3320e-01],
          [ 3.8647e-01, -3.7744e-01,  5.9570e-01,  ..., -3.0444e-01,  7.9395e-01,  1.8994e-01]],

         [[ 3.9990e-01,  8.9404e-01,  6.1377e-01,  ..., -7.0166e-01, -6.2891e-01, -3.6768e-01],
          [ 1.4941e-01, -3.1445e-01, -7.9297e-01,  ..., -2.3352e-01, -3.9648e-01,  3.0273e-01],
          [-5.0684e-01,  1.1582e+00, -3.5352e-01,  ..., -2.2754e-01, -8.9844e-01,  2.4011e-01],
          [-7.5195e-01,  6.7432e-01,  8.0261e-02,  ..., -1.8970e-01,  3.0029e-01,  3.4302e-01],
          [-9.3140e-02,  4.6582e-01,  1.4099e-01,  ...,  7.9736e-01,  1.7053e-01, -8.8770e-01],
          [ 2.3853e-01,  3.6377e-01, -6.9775e-01,  ..., -2.3242e-01,  7.7197e-01, -2.6465e-01]],

         ...,

         [[ 9.5520e-02, -2.0728e-01,  8.5449e-01,  ...,  8.9966e-02,  9.3848e-01,  7.3828e-01],
          [ 5.2979e-01,  6.6650e-01, -3.0298e-01,  ...,  7.2266e-02,  1.1841e-02,  4.0723e-01],
          [ 7.4585e-02,  5.7910e-01,  1.0850e+00,  ..., -7.7246e-01,  1.6614e-01, -5.7422e-01],
          [-5.0488e-01,  1.1768e-01,  6.6797e-01,  ...,  5.7080e-01, -2.5269e-01,  5.1758e-01],
          [-5.2979e-01, -8.5999e-02,  1.0840e+00,  ..., -6.8457e-01,  2.3499e-02,  2.6993e-02],
          [-6.2500e-01,  4.2053e-02,  5.0488e-01,  ..., -4.1968e-01, -3.8428e-01,  1.3330e-01]],

         [[-5.9668e-01, -4.6924e-01,  4.9463e-01,  ..., -4.2114e-02, -1.3329e-02, -8.8684e-02],
          [-3.9209e-01,  1.2734e+00,  8.6914e-01,  ...,  7.2559e-01,  8.2422e-01,  6.0840e-01],
          [-2.0520e-01, -3.1958e-01,  4.5044e-01,  ...,  7.8369e-01,  3.4741e-01, -8.6426e-01],
          [ 7.6758e-01, -9.4141e-01, -3.9966e-01,  ..., -2.7832e-01,  3.1104e-01,  6.7236e-01],
          [-7.7051e-01, -7.1289e-01,  5.9692e-02,  ..., -2.6733e-01, -5.1123e-01, -2.9395e-01],
          [-5.0098e-01, -6.0352e-01, -1.9897e-02,  ..., -8.7585e-02,  9.2871e-01, -5.3760e-01]],

         [[ 5.9912e-01,  9.2041e-01,  3.4180e-01,  ...,  1.3660e-01, -1.0176e+00,  8.2227e-01],
          [-4.1968e-01, -5.7812e-01,  3.7646e-01,  ..., -8.6328e-01,  2.8467e-01,  2.1997e-01],
          [-5.1416e-01,  3.5474e-01, -4.4727e-01,  ...,  4.1797e-01, -3.7573e-01,  3.3073e-03],
          [ 6.8481e-02,  8.2666e-01, -7.2449e-02,  ...,  1.6113e-01, -4.9170e-01, -2.5708e-01],
          [ 2.2852e-01,  4.5947e-01,  1.3721e-01,  ..., -1.0535e-01,  2.8394e-01,  2.2119e-01],
          [-1.5839e-02, -3.5645e-01,  4.4580e-01,  ..., -1.3416e-01,  5.0244e-01,  2.0178e-01]]],


        [[[ 1.0547e-01,  7.6562e-01, -7.3340e-01,  ...,  8.8135e-01,  9.5703e-02,  2.3010e-01],
          [ 7.8125e-02, -7.4365e-01,  7.2705e-01,  ...,  3.1445e-01, -4.8340e-01, -6.1133e-01],
          [-1.5747e-02, -6.0498e-01,  7.9541e-01,  ...,  2.9004e-01, -5.9863e-01, -2.3743e-01],
          [-4.0820e-01,  2.5317e-01,  6.0498e-01,  ..., -7.4121e-01,  4.7363e-01, -3.3252e-01],
          [-5.1025e-02, -6.5869e-01, -6.2744e-01,  ..., -6.8408e-01,  7.3438e-01, -6.3818e-01],
          [ 6.7383e-01,  8.0078e-02, -4.4922e-01,  ...,  2.1545e-01,  2.1326e-01,  7.1484e-01]],

         [[-6.6211e-01,  3.3936e-02,  3.6206e-01,  ...,  1.3708e-01, -2.6831e-01, -6.0028e-02],
          [-2.0874e-01, -6.9385e-01, -7.7441e-01,  ..., -6.6895e-01,  6.3379e-01, -3.1982e-01],
          [-5.8167e-02, -2.9443e-01, -5.2881e-01,  ...,  5.6689e-01, -8.4229e-02,  2.0615e-02],
          [ 4.7485e-02,  1.8677e-01, -1.7725e-01,  ..., -8.9746e-01,  1.0193e-01,  3.5107e-01],
          [ 5.2100e-01, -8.2812e-01,  8.9746e-01,  ..., -4.1919e-01,  6.4600e-01, -6.7041e-01],
          [-4.4531e-01, -4.0894e-02,  1.5149e-01,  ...,  1.5845e-01, -5.5518e-01,  6.1816e-01]],

         [[-7.0166e-01, -7.3828e-01, -5.9180e-01,  ..., -6.1035e-01, -6.3965e-01, -2.3987e-02],
          [-2.6880e-01, -2.8003e-01, -5.4932e-01,  ...,  3.5278e-02, -5.3027e-01, -2.5854e-01],
          [ 6.1377e-01, -3.0811e-01, -3.4454e-02,  ...,  6.5430e-01,  6.7627e-01, -5.6055e-01],
          [-3.5425e-01,  4.7241e-01,  2.9932e-01,  ...,  2.8198e-01,  1.5020e+00,  3.8745e-01],
          [-1.4722e-01, -6.6064e-01,  1.3008e+00,  ..., -1.1621e+00,  2.7148e-01,  1.1318e+00],
          [ 8.1250e-01,  1.3916e-01, -3.8696e-01,  ...,  1.4092e+00, -1.5029e+00, -4.8242e-01]],

         ...,

         [[ 4.0161e-01, -4.5874e-01, -4.4995e-01,  ..., -9.3311e-01,  2.4817e-01,  5.8105e-01],
          [-5.5225e-01, -3.0792e-02, -4.8126e-02,  ...,  3.2153e-01, -2.2205e-01,  3.8672e-01],
          [ 4.8022e-01,  7.9932e-01,  1.6626e-01,  ..., -4.4824e-01,  3.0811e-01,  4.9829e-01],
          [-4.0771e-01, -2.5781e-01,  1.0518e+00,  ...,  5.4248e-01, -6.4746e-01,  6.3354e-02],
          [-4.2773e-01,  5.3760e-01,  4.8242e-01,  ..., -8.0762e-01,  9.6313e-02,  7.7295e-01],
          [-3.2666e-01,  1.9092e-01, -4.6899e-01,  ...,  7.6953e-01, -2.8735e-01, -6.4355e-01]],

         [[-4.8291e-01, -4.9902e-01,  7.6172e-01,  ...,  3.2178e-01, -1.7090e-01, -7.9102e-01],
          [-2.1515e-02, -1.1877e-01,  1.0748e-01,  ...,  9.9707e-01,  9.8511e-02, -7.4023e-01],
          [ 2.7246e-01,  5.8398e-01, -1.7615e-01,  ..., -7.0264e-01,  4.0820e-01, -2.2156e-01],
          [-3.1006e-01, -5.4199e-02,  1.4795e-01,  ..., -6.1218e-02,  8.3887e-01,  5.8643e-01],
          [-1.5259e-01, -3.0615e-01,  5.9326e-01,  ...,  7.1436e-01,  1.6528e-01,  2.2876e-01],
          [-4.9658e-01, -2.6270e-01,  6.5491e-02,  ...,  6.2927e-02,  2.2009e-01, -1.8408e-01]],

         [[ 2.1436e-01,  3.6865e-02, -2.9883e-01,  ...,  3.1201e-01,  1.6357e-01, -6.7188e-01],
          [ 6.5552e-02, -6.9141e-01, -3.7402e-01,  ...,  4.9878e-01,  2.3804e-01,  3.1738e-01],
          [-1.3147e-01, -1.0010e+00, -4.8584e-02,  ..., -3.8544e-02, -2.9224e-01, -2.7905e-01],
          [-8.3252e-02, -6.4844e-01, -3.0273e-01,  ..., -5.1660e-01,  2.5513e-01, -7.8027e-01],
          [ 9.1602e-01,  4.2749e-01, -6.1230e-01,  ..., -2.2913e-01,  2.6074e-01,  3.1470e-01],
          [ 4.8584e-02,  6.7578e-01,  7.9736e-01,  ...,  1.9019e-01,  6.1768e-01,  5.2051e-01]]],


        [[[ 1.9946e-01, -5.8594e-01, -2.7173e-01,  ..., -2.6562e-01,  4.1943e-01, -3.3765e-01],
          [-7.4756e-01, -4.6924e-01, -4.4824e-01,  ...,  9.6741e-02, -7.5073e-02,  8.8867e-02],
          [ 5.8545e-01, -2.7856e-01,  1.2292e-01,  ...,  1.5649e-01, -6.5918e-01, -2.2803e-01],
          [ 3.4277e-01, -3.6523e-01,  4.5435e-01,  ...,  1.3306e-01,  2.0752e-02,  7.9883e-01],
          [-2.7637e-01, -3.3691e-01, -6.0693e-01,  ..., -9.5557e-01,  3.2275e-01,  4.9146e-01],
          [ 2.9590e-01, -2.7466e-01,  3.0957e-01,  ...,  4.5898e-02, -3.0579e-02, -3.2544e-01]],

         [[ 6.4990e-01,  4.9951e-01,  5.1611e-01,  ...,  4.2139e-01,  1.8506e-01, -1.0307e-02],
          [-2.2705e-02,  1.3403e-01, -4.4507e-01,  ..., -3.5571e-01,  2.8613e-01, -1.3367e-01],
          [ 2.9565e-01,  4.3042e-01,  3.6646e-01,  ..., -7.3145e-01, -1.4862e-02, -3.5229e-01],
          [ 1.1584e-01,  1.2720e-01,  6.8408e-01,  ...,  7.0410e-01,  9.9121e-01, -7.4951e-01],
          [-7.0215e-01,  1.1396e+00, -4.0918e-01,  ...,  1.3877e+00,  1.3818e-01,  1.1602e+00],
          [ 1.5686e-02,  9.5801e-01, -2.1509e-01,  ..., -2.7002e-01,  2.0435e-01, -1.1357e+00]],

         [[ 3.9990e-01, -8.1787e-02,  8.0518e-01,  ..., -1.9214e-01,  5.8936e-01,  1.2256e-01],
          [-9.1504e-01,  7.0020e-01,  1.0742e-02,  ..., -1.9958e-02,  9.4116e-02,  1.3501e-01],
          [ 6.4844e-01, -7.4121e-01,  4.0894e-01,  ...,  3.4717e-01,  3.5205e-01,  4.1406e-01],
          [ 1.4404e-01, -4.4214e-01, -7.9297e-01,  ...,  2.7026e-01, -3.1006e-01, -3.7842e-01],
          [ 6.7725e-01, -7.7100e-01,  3.5352e-01,  ..., -3.3325e-01, -8.8379e-01, -1.9238e-01],
          [-3.6157e-01,  6.6211e-01, -7.3193e-01,  ...,  5.1807e-01,  3.8037e-01,  7.4585e-02]],

         ...,

         [[ 5.2979e-01, -7.4902e-01, -7.3730e-01,  ..., -1.3428e-01, -1.9604e-01,  9.2676e-01],
          [-3.5620e-01, -2.6245e-01, -3.3423e-01,  ...,  8.1641e-01,  1.0439e+00,  8.8525e-01],
          [-4.7803e-01,  7.3682e-01, -7.1387e-01,  ...,  8.1494e-01, -3.4058e-01, -2.6855e-01],
          [-9.1748e-01, -8.7549e-01, -9.1992e-01,  ...,  2.4756e-01,  5.3467e-02, -8.3008e-02],
          [ 6.4307e-01,  4.9780e-01, -6.8506e-01,  ..., -2.7344e-02, -2.1729e-02,  7.7686e-01],
          [-3.9337e-02,  6.3574e-01, -3.1567e-01,  ...,  1.2573e-01, -1.2756e-01, -6.6211e-01]],

         [[ 5.8984e-01, -2.1143e-01,  1.4258e-01,  ...,  5.1611e-01, -6.6504e-01,  6.7627e-01],
          [-1.7761e-01, -5.4688e-01, -5.1465e-01,  ...,  4.7705e-01, -3.1860e-01,  8.4961e-01],
          [ 8.4839e-02, -2.3117e-02,  3.6084e-01,  ..., -2.3950e-01, -9.0332e-01, -1.2910e+00],
          [-1.1650e+00,  3.6377e-02,  1.1602e+00,  ...,  8.6328e-01,  7.1875e-01,  7.7979e-01],
          [-3.5840e-01,  7.3340e-01, -1.8811e-01,  ..., -1.4673e-01, -8.5205e-01,  9.2480e-01],
          [ 9.2334e-01,  2.8271e-01,  5.0684e-01,  ..., -3.4985e-01,  1.4905e-01,  1.9116e-01]],

         [[-3.1348e-01, -2.0874e-01, -3.1152e-01,  ..., -3.2642e-01,  2.1558e-01,  7.9590e-01],
          [ 2.5574e-02,  8.0762e-01,  1.7334e-02,  ..., -3.1494e-02,  3.7744e-01,  4.8218e-01],
          [ 3.0176e-01,  2.9663e-01, -6.4355e-01,  ...,  3.1396e-01,  4.9634e-01, -7.1838e-02],
          [-8.2275e-01, -4.1650e-01,  6.0254e-01,  ...,  1.1035e+00,  3.5938e-01, -1.1191e+00],
          [ 2.9663e-01,  5.8887e-01, -2.4078e-02,  ...,  5.6396e-01,  1.1047e-01,  7.6111e-02],
          [-1.2421e-02, -6.9629e-01,  6.2842e-01,  ..., -3.8770e-01,  1.7175e-01, -6.2549e-01]]],


        [[[-5.5469e-01, -3.5669e-01,  1.4722e-01,  ...,  3.8574e-01,  1.1041e-01,  3.9136e-01],
          [ 1.0332e+00, -1.5088e-01, -7.0459e-01,  ..., -5.3027e-01,  3.9136e-01,  2.7100e-01],
          [ 7.7588e-01, -5.1123e-01,  7.1143e-01,  ...,  7.7686e-01,  8.0811e-01,  3.5522e-02],
          [-5.3467e-01,  1.3818e-01,  2.9321e-01,  ...,  8.5547e-01,  7.5342e-01, -8.3740e-01],
          [-3.8428e-01, -4.5825e-01,  1.2695e-02,  ...,  3.1189e-02,  2.8271e-01, -2.3773e-02],
          [-4.0039e-02,  1.0620e-01,  5.7373e-02,  ..., -2.7740e-02, -7.9102e-01, -1.5173e-01]],

         [[ 5.5713e-01,  1.7151e-01, -8.9941e-01,  ..., -1.7053e-01,  2.1082e-01, -7.0752e-01],
          [-3.0664e-01, -7.2412e-01,  2.8906e-01,  ..., -4.5776e-01,  5.7129e-02, -7.7979e-01],
          [ 6.2256e-01,  1.8701e-01,  3.0273e-02,  ..., -2.1265e-01,  6.5186e-01,  6.8896e-01],
          [ 6.3965e-01, -9.4531e-01,  6.4941e-01,  ...,  1.2031e+00, -4.5337e-01, -6.7285e-01],
          [ 6.7139e-01, -6.3623e-01, -2.8369e-01,  ..., -5.5615e-01,  2.9541e-01, -1.5906e-01],
          [ 8.3069e-02, -6.5967e-01,  1.8970e-01,  ..., -3.6768e-01,  4.3182e-03, -4.3213e-01]],

         [[ 3.4326e-01,  1.8945e-01, -8.5220e-03,  ..., -1.0146e+00, -2.7539e-01,  9.0820e-02],
          [ 1.0859e+00, -1.0049e+00, -3.6401e-01,  ...,  6.9482e-01, -1.0254e+00, -5.2930e-01],
          [ 2.3254e-01,  4.3030e-02,  9.5166e-01,  ...,  5.7129e-01,  5.4980e-01,  8.2715e-01],
          [ 4.1699e-01,  3.7109e-01,  1.4551e-01,  ..., -3.6328e-01, -1.8921e-01,  4.2529e-01],
          [-2.8516e-01, -5.0977e-01,  1.2012e+00,  ...,  4.4580e-01, -6.3538e-02,  6.3770e-01],
          [-9.0625e-01, -6.2158e-01, -8.2666e-01,  ..., -5.1221e-01,  4.0649e-01,  1.0479e+00]],

         ...,

         [[-4.8364e-01,  9.0527e-01,  5.7910e-01,  ...,  5.4297e-01,  3.8818e-01, -9.0674e-01],
          [-7.1094e-01, -1.0065e-01, -9.6484e-01,  ..., -7.9199e-01, -7.0850e-01, -3.6426e-01],
          [ 7.2168e-01, -7.6855e-01, -7.9883e-01,  ...,  6.1230e-01, -1.7834e-01,  7.0215e-01],
          [-8.4045e-02,  8.9062e-01,  5.4102e-01,  ...,  2.4475e-01, -7.3486e-01,  1.5662e-01],
          [-5.6641e-02, -8.1689e-01,  6.6211e-01,  ...,  3.5156e-01,  6.4062e-01,  3.8379e-01],
          [-8.8135e-01, -7.3828e-01, -1.1143e+00,  ...,  9.9951e-01,  4.7754e-01, -8.2861e-01]],

         [[-4.9951e-01,  4.5142e-01, -8.6121e-02,  ...,  4.0308e-01,  3.6523e-01,  7.2852e-01],
          [-3.5400e-02, -2.6587e-01, -2.3529e-02,  ..., -1.3428e-01, -1.6370e-01,  6.8604e-02],
          [-5.0391e-01,  7.4023e-01, -3.0176e-01,  ...,  1.7627e-01, -2.0508e-01, -3.2642e-01],
          [ 3.8867e-01,  2.6245e-01,  2.0190e-01,  ..., -3.9941e-01, -2.7637e-01, -1.1157e-01],
          [ 1.4824e+00, -1.6055e+00, -2.7148e-01,  ..., -4.0967e-01, -1.0039e+00,  1.0547e+00],
          [-4.6436e-01, -9.6582e-01, -5.2393e-01,  ...,  4.4116e-01, -1.9629e-01,  6.0498e-01]],

         [[ 1.4771e-02, -4.9164e-02, -1.0469e+00,  ..., -8.4814e-01,  1.2441e+00,  7.4997e-03],
          [-6.4307e-01,  1.2000e-01, -1.0767e-01,  ..., -1.2354e-01,  2.9810e-01, -3.7500e-01],
          [ 1.1230e+00, -8.3643e-01, -5.7617e-01,  ..., -8.0420e-01,  3.6670e-01,  3.9990e-01],
          [ 1.6632e-02,  6.9727e-01, -1.7285e-01,  ...,  5.1074e-01,  5.8008e-01, -8.4229e-01],
          [ 8.2031e-01, -5.1221e-01,  1.7175e-01,  ...,  3.5840e-01,  8.7158e-02,  4.9365e-01],
          [-5.7471e-01, -5.4230e-02, -9.2139e-01,  ..., -4.1040e-01,  9.5215e-02,  3.5620e-01]]]], dtype=torch.float16)
2025-07-22 23:26:49.091609 test begin: paddle.nn.functional.normalize(x=Tensor([4, 5, 214748365],"float16"), )
CUDA out of memory. Tried to allocate 8.00 GiB. GPU 0 has a total capacity of 79.18 GiB of which 6.45 GiB is free. Process 145156 has 72.73 GiB memory in use. Of the allocated memory 43.20 GiB is allocated by PyTorch, and 1.61 GiB is reserved by PyTorch but unallocated. If reserved but unallocated memory is large try setting PYTORCH_CUDA_ALLOC_CONF=expandable_segments:True to avoid fragmentation.  See documentation for Memory Management  (https://pytorch.org/docs/stable/notes/cuda.html#environment-variables)




=================测试开始======================测试开始====================测试开始=========================测试开始====================测试开始========================测试开始=================================
Main process id: 115992
Options: {'api_config_file': 'big_tensor_0718_normalize.txt', 'api_config_file_pattern': '', 'api_config': '', 'paddle_only': False, 'paddle_cinn': False, 'accuracy': True, 'paddle_gpu_performance': False, 'torch_gpu_performance': False, 'paddle_torch_gpu_performance': False, 'test_amp': False, 'num_gpus': -1, 'num_workers_per_gpu': 1, 'gpu_ids': '1,2', 'required_memory': 10.0, 'test_cpu': False, 'use_cached_numpy': False, 'log_dir': '', 'atol': 0.01, 'rtol': 0.01, 'test_tol': False}
12 cases in checkpoint.
17 cases in total.
10 cases already tested.
7 cases will be tested.
Using 2 GPU(s) with max workers per GPU: {1: 1, 2: 1}. Total workers: 2.
[1/7] Testing paddle.nn.functional.normalize(x=Tensor([4, 5, 30678338, 7],"float16"), )
[info] Test case succeeded for paddle.nn.functional.normalize(x=Tensor([4, 5, 30678338, 7],"float16"), )
[2/7] Testing paddle.nn.functional.normalize(x=Tensor([4, 5, 30678338, 7],"float16"), p=4, )
[info] Test case succeeded for paddle.nn.functional.normalize(x=Tensor([4, 5, 30678338, 7],"float16"), p=4, )
[3/7] Testing paddle.nn.functional.normalize(x=Tensor([4, 5, 30678338, 7],"float16"), p=4, axis=3, )
[info] Test case succeeded for paddle.nn.functional.normalize(x=Tensor([4, 5, 30678338, 7],"float16"), p=4, axis=3, )
[4/7] Testing paddle.nn.functional.normalize(x=Tensor([4, 5, 6, 35791395],"float16"), )
[info] Test case succeeded for paddle.nn.functional.normalize(x=Tensor([4, 5, 6, 35791395],"float16"), )
[5/7] Testing paddle.nn.functional.normalize(x=Tensor([4, 5, 6, 35791395],"float16"), p=4, axis=3, )
[info] Test case succeeded for paddle.nn.functional.normalize(x=Tensor([4, 5, 6, 35791395],"float16"), p=4, axis=3, )
[6/7] Testing paddle.nn.functional.normalize(x=Tensor([4, 5, 6, 35791395],"float16"), p=4, )
[info] Test case succeeded for paddle.nn.functional.normalize(x=Tensor([4, 5, 6, 35791395],"float16"), p=4, )
[7/7] Testing paddle.nn.functional.normalize(x=Tensor([4294967297],"float16"), axis=0, )
[info] Test case succeeded for paddle.nn.functional.normalize(x=Tensor([4294967297],"float16"), axis=0, )
7 cases tested, 0 failed.

==================================================
               Test Case Statistics               
==================================================
Total cases                   : 7
Tested cases                  : 19
Failed cases                  : 1
Skipped cases                 : 4
--------------------------------------------------
Log Type Breakdown:
  checkpoint                  : 19
  pass                        : 13
  paddle_error                : 1
  torch_error                 : 2
  accuracy_error              : 11
  crash                       : 1
  oom                         : 0
  skip                        : 4
==================================================

Test time: 16.546 minutes.
Done.
